Modules list:
-------------
main.o:
    CODE              Offs=000000  Size=00000C  Align=00001  Fill=0000
    BSS               Offs=000000  Size=000001  Align=00001  Fill=0000
    HEADER            Offs=000000  Size=000010  Align=00001  Fill=0000
    VECTORS           Offs=000000  Size=000006  Align=00001  Fill=0000
    STARTUP           Offs=000000  Size=00002C  Align=00001  Fill=0000
    MUSIC             Offs=000000  Size=001CB2  Align=00001  Fill=0000
ChickenOfTheFarm.o:
    CODE              Offs=00000C  Size=003582  Align=00001  Fill=0000
    RODATA            Offs=000000  Size=001362  Align=00001  Fill=0000
    BSS               Offs=000001  Size=0002FA  Align=00001  Fill=0000
    CHARS             Offs=000000  Size=001EF0  Align=00001  Fill=0000
    OAM               Offs=000000  Size=000100  Align=00001  Fill=0000
asm4c.o:
    CODE              Offs=00358E  Size=00010F  Align=00001  Fill=0000
    ZEROPAGE          Offs=000000  Size=000009  Align=00001  Fill=0000
C:\Users\pgrimsrud\NES\cc65\lib\nes.lib(aslax2.o):
    CODE              Offs=00369D  Size=00000B  Align=00001  Fill=0000
C:\Users\pgrimsrud\NES\cc65\lib\nes.lib(bneg.o):
    CODE              Offs=0036A8  Size=00000E  Align=00001  Fill=0000
C:\Users\pgrimsrud\NES\cc65\lib\nes.lib(call.o):
    CODE              Offs=0036B6  Size=000007  Align=00001  Fill=0000
C:\Users\pgrimsrud\NES\cc65\lib\nes.lib(mulax10.o):
    CODE              Offs=0036BD  Size=000019  Align=00001  Fill=0000
C:\Users\pgrimsrud\NES\cc65\lib\nes.lib(mulax9.o):
    CODE              Offs=0036D6  Size=000017  Align=00001  Fill=0000
C:\Users\pgrimsrud\NES\cc65\lib\nes.lib(shrax2.o):
    CODE              Offs=0036ED  Size=00000B  Align=00001  Fill=0000
C:\Users\pgrimsrud\NES\cc65\lib\nes.lib(shrax4.o):
    CODE              Offs=0036F8  Size=000011  Align=00001  Fill=0000
C:\Users\pgrimsrud\NES\cc65\lib\nes.lib(zeropage.o):
    ZEROPAGE          Offs=000009  Size=00001A  Align=00001  Fill=0000


Segment list:
-------------
Name                   Start     End    Size  Align
----------------------------------------------------
CHARS                 000000  001EEF  001EF0  00001
HEADER                000000  00000F  000010  00001
ZEROPAGE              000020  000042  000023  00001
OAM                   000200  0002FF  000100  00001
BSS                   000300  0005FA  0002FB  00001
STARTUP               008000  00802B  00002C  00001
CODE                  00802C  00B734  003709  00001
RODATA                00B735  00CA96  001362  00001
MUSIC                 00E000  00FCB1  001CB2  00001
VECTORS               00FFFA  00FFFF  000006  00001


Exports list by name:
---------------------
_TileList                 00BE0E RLA    _Title_UnRLE              00B5BA RLA    
_UnRLE                    00B5F2 RLA    __STARTUP__               000001 REA    
_collision                000301 RLA    _gVblank                  000300 RLA    
_main                     00B51A RLA    _pMusicInit               00802C RLA    
_pMusicPlay               008030 RLA    aslax2                    00B6C9 RLA    
bnega                     00B6D8 RLA    callax                    00B6E2 RLA    
mulax10                   00B6E9 RLA    mulax9                    00B702 RLA    
ptr1                      000031 RLZ    regsave                   00002D RLZ    
shrax2                    00B719 RLA    shrax4                    00B724 RLA    
tmp1                      000039 RLZ    


Exports list by value:
----------------------
__STARTUP__               000001 REA    regsave                   00002D RLZ    
ptr1                      000031 RLZ    tmp1                      000039 RLZ    
_gVblank                  000300 RLA    _collision                000301 RLA    
_pMusicInit               00802C RLA    _pMusicPlay               008030 RLA    
_main                     00B51A RLA    _Title_UnRLE              00B5BA RLA    
_UnRLE                    00B5F2 RLA    aslax2                    00B6C9 RLA    
bnega                     00B6D8 RLA    callax                    00B6E2 RLA    
mulax10                   00B6E9 RLA    mulax9                    00B702 RLA    
shrax2                    00B719 RLA    shrax4                    00B724 RLA    
_TileList                 00BE0E RLA    


Imports list:
-------------
_TileList (ChickenOfTheFarm.o):
    asm4c.o                   asm4c.s(1)
_Title_UnRLE (asm4c.o):
    ChickenOfTheFarm.o        ChickenOfTheFarm.asm(122)
_UnRLE (asm4c.o):
    ChickenOfTheFarm.o        ChickenOfTheFarm.asm(121)
__STARTUP__ (main.o):
    ChickenOfTheFarm.o        ChickenOfTheFarm.asm(13)
_collision (ChickenOfTheFarm.o):
    asm4c.o                   asm4c.s(2)
_gVblank (main.o):
    ChickenOfTheFarm.o        ChickenOfTheFarm.asm(118)
_main (ChickenOfTheFarm.o):
    main.o                    main.asm(2)
_pMusicInit (main.o):
    ChickenOfTheFarm.o        ChickenOfTheFarm.asm(119)
_pMusicPlay (main.o):
    ChickenOfTheFarm.o        ChickenOfTheFarm.asm(120)
aslax2 (aslax2.o):
    ChickenOfTheFarm.o        ChickenOfTheFarm.asm(24312)
    ChickenOfTheFarm.o        ChickenOfTheFarm.asm(24312)
bnega (bneg.o):
    ChickenOfTheFarm.o        ChickenOfTheFarm.asm(24312)
callax (call.o):
    ChickenOfTheFarm.o        ChickenOfTheFarm.asm(24312)
    ChickenOfTheFarm.o        ChickenOfTheFarm.asm(24312)
mulax10 (mulax10.o):
    ChickenOfTheFarm.o        ChickenOfTheFarm.asm(24312)
mulax9 (mulax9.o):
    ChickenOfTheFarm.o        ChickenOfTheFarm.asm(24312)
    ChickenOfTheFarm.o        ChickenOfTheFarm.asm(24312)
    ChickenOfTheFarm.o        ChickenOfTheFarm.asm(24312)
    ChickenOfTheFarm.o        ChickenOfTheFarm.asm(24312)
    ChickenOfTheFarm.o        ChickenOfTheFarm.asm(24312)
ptr1 (zeropage.o):
    mulax9.o                  runtime/mulax9.s(9)
    mulax10.o                 runtime/mulax10.s(9)
    call.o                    runtime/call.s(8)
    ChickenOfTheFarm.o        ChickenOfTheFarm.asm(11)
regsave (zeropage.o):
    ChickenOfTheFarm.o        ChickenOfTheFarm.asm(10)
shrax2 (shrax2.o):
    ChickenOfTheFarm.o        ChickenOfTheFarm.asm(24312)
shrax4 (shrax4.o):
    ChickenOfTheFarm.o        ChickenOfTheFarm.asm(24312)
tmp1 (zeropage.o):
    shrax4.o                  runtime/shrax4.s(8)
    shrax2.o                  runtime/shrax2.s(8)
    aslax2.o                  runtime/aslax2.s(8)
    ChickenOfTheFarm.o        ChickenOfTheFarm.asm(11)

