Modules list:
-------------
main.o:
    CODE              Offs=000000  Size=00000C  Align=00001  Fill=0000
    BSS               Offs=000000  Size=000001  Align=00001  Fill=0000
    HEADER            Offs=000000  Size=000010  Align=00001  Fill=0000
    VECTORS           Offs=000000  Size=000006  Align=00001  Fill=0000
    STARTUP           Offs=000000  Size=00002C  Align=00001  Fill=0000
    MUSIC             Offs=000000  Size=001C72  Align=00001  Fill=0000
ChickenOfTheFarm.o:
    CODE              Offs=00000C  Size=003D79  Align=00001  Fill=0000
    RODATA            Offs=000000  Size=001138  Align=00001  Fill=0000
    BSS               Offs=000001  Size=0002DA  Align=00001  Fill=0000
    CHARS             Offs=000000  Size=001EF0  Align=00001  Fill=0000
    OAM               Offs=000000  Size=000100  Align=00001  Fill=0000
asm4c.o:
    CODE              Offs=003D85  Size=000037  Align=00001  Fill=0000
    ZEROPAGE          Offs=000000  Size=000004  Align=00001  Fill=0000
C:\Users\pgrimsrud\NES\cc65\lib\nes.lib(aslax2.o):
    CODE              Offs=003DBC  Size=00000B  Align=00001  Fill=0000
C:\Users\pgrimsrud\NES\cc65\lib\nes.lib(aslax3.o):
    CODE              Offs=003DC7  Size=00000E  Align=00001  Fill=0000
C:\Users\pgrimsrud\NES\cc65\lib\nes.lib(bneg.o):
    CODE              Offs=003DD5  Size=00000E  Align=00001  Fill=0000
C:\Users\pgrimsrud\NES\cc65\lib\nes.lib(call.o):
    CODE              Offs=003DE3  Size=000007  Align=00001  Fill=0000
C:\Users\pgrimsrud\NES\cc65\lib\nes.lib(mulax9.o):
    CODE              Offs=003DEA  Size=000017  Align=00001  Fill=0000
C:\Users\pgrimsrud\NES\cc65\lib\nes.lib(shrax2.o):
    CODE              Offs=003E01  Size=00000B  Align=00001  Fill=0000
C:\Users\pgrimsrud\NES\cc65\lib\nes.lib(shrax4.o):
    CODE              Offs=003E0C  Size=000011  Align=00001  Fill=0000
C:\Users\pgrimsrud\NES\cc65\lib\nes.lib(zeropage.o):
    ZEROPAGE          Offs=000004  Size=00001A  Align=00001  Fill=0000


Segment list:
-------------
Name                   Start     End    Size  Align
----------------------------------------------------
CHARS                 000000  001EEF  001EF0  00001
HEADER                000000  00000F  000010  00001
ZEROPAGE              000020  00003D  00001E  00001
OAM                   000200  0002FF  000100  00001
BSS                   000300  0005DA  0002DB  00001
STARTUP               008000  00802B  00002C  00001
CODE                  00802C  00BE48  003E1D  00001
RODATA                00BE49  00CF80  001138  00001
MUSIC                 00D000  00EC71  001C72  00001
VECTORS               00FFFA  00FFFF  000006  00001


Exports list by name:
---------------------
_UnRLE                    00BDB1 RLA    __STARTUP__               000001 REA    
_gVblank                  000300 RLA    _main                     00BD0F RLA    
_pMusicInit               00802C RLA    _pMusicPlay               008030 RLA    
aslax2                    00BDE8 RLA    bnega                     00BE05 RLA    
callax                    00BE0F RLA    mulax9                    00BE16 RLA    
ptr1                      00002C RLZ    regsave                   000028 RLZ    
shlax2                    00BDE8 RLA    shlax3                    00BDF3 RLA    
shrax2                    00BE2D RLA    shrax4                    00BE38 RLA    
sreg                      000026 RLZ    tmp1                      000034 RLZ    



Exports list by value:
----------------------
__STARTUP__               000001 REA    sreg                      000026 RLZ    
regsave                   000028 RLZ    ptr1                      00002C RLZ    
tmp1                      000034 RLZ    _gVblank                  000300 RLA    
_pMusicInit               00802C RLA    _pMusicPlay               008030 RLA    
_main                     00BD0F RLA    _UnRLE                    00BDB1 RLA    
shlax2                    00BDE8 RLA    aslax2                    00BDE8 RLA    
shlax3                    00BDF3 RLA    bnega                     00BE05 RLA    
callax                    00BE0F RLA    mulax9                    00BE16 RLA    
shrax2                    00BE2D RLA    shrax4                    00BE38 RLA    



Imports list:
-------------
_UnRLE (asm4c.o):
    ChickenOfTheFarm.o        ChickenOfTheFarm.asm(92)
__STARTUP__ (main.o):
    ChickenOfTheFarm.o        ChickenOfTheFarm.asm(13)
_gVblank (main.o):
    ChickenOfTheFarm.o        ChickenOfTheFarm.asm(89)
_main (ChickenOfTheFarm.o):
    main.o                    main.asm(2)
_pMusicInit (main.o):
    ChickenOfTheFarm.o        ChickenOfTheFarm.asm(90)
_pMusicPlay (main.o):
    ChickenOfTheFarm.o        ChickenOfTheFarm.asm(91)
aslax2 (aslax2.o):
    ChickenOfTheFarm.o        ChickenOfTheFarm.asm(24688)
bnega (bneg.o):
    ChickenOfTheFarm.o        ChickenOfTheFarm.asm(24688)
callax (call.o):
    ChickenOfTheFarm.o        ChickenOfTheFarm.asm(24688)
    ChickenOfTheFarm.o        ChickenOfTheFarm.asm(24688)
mulax9 (mulax9.o):
    ChickenOfTheFarm.o        ChickenOfTheFarm.asm(24688)
    ChickenOfTheFarm.o        ChickenOfTheFarm.asm(24688)
    ChickenOfTheFarm.o        ChickenOfTheFarm.asm(24688)
    ChickenOfTheFarm.o        ChickenOfTheFarm.asm(24688)
    ChickenOfTheFarm.o        ChickenOfTheFarm.asm(24688)
ptr1 (zeropage.o):
    mulax9.o                  runtime/mulax9.s(9)
    call.o                    runtime/call.s(8)
    ChickenOfTheFarm.o        ChickenOfTheFarm.asm(11)
regsave (zeropage.o):
    ChickenOfTheFarm.o        ChickenOfTheFarm.asm(10)
shlax2 (aslax2.o):
    ChickenOfTheFarm.o        ChickenOfTheFarm.asm(24688)
    ChickenOfTheFarm.o        ChickenOfTheFarm.asm(24688)
shlax3 (aslax3.o):
    ChickenOfTheFarm.o        ChickenOfTheFarm.asm(24688)
shrax2 (shrax2.o):
    ChickenOfTheFarm.o        ChickenOfTheFarm.asm(24688)
shrax4 (shrax4.o):
    ChickenOfTheFarm.o        ChickenOfTheFarm.asm(24688)
sreg (zeropage.o):
    ChickenOfTheFarm.o        ChickenOfTheFarm.asm(10)
tmp1 (zeropage.o):
    shrax4.o                  runtime/shrax4.s(8)
    shrax2.o                  runtime/shrax2.s(8)
    aslax3.o                  runtime/aslax3.s(8)
    aslax2.o                  runtime/aslax2.s(8)
    ChickenOfTheFarm.o        ChickenOfTheFarm.asm(11)

