Modules list:
-------------
main.o:
    CODE              Offs=000000  Size=00000C  Align=00001  Fill=0000
    BSS               Offs=000000  Size=000001  Align=00001  Fill=0000
    HEADER            Offs=000000  Size=000010  Align=00001  Fill=0000
    VECTORS           Offs=000000  Size=000006  Align=00001  Fill=0000
    STARTUP           Offs=000000  Size=00002C  Align=00001  Fill=0000
    MUSIC             Offs=000000  Size=001CB2  Align=00001  Fill=0000
ChickenOfTheFarm.o:
    CODE              Offs=00000C  Size=003C7F  Align=00001  Fill=0000
    RODATA            Offs=000000  Size=002119  Align=00001  Fill=0000
    BSS               Offs=000001  Size=000221  Align=00001  Fill=0000
    ZEROPAGE          Offs=000000  Size=0000BD  Align=00001  Fill=0000
    CHARS             Offs=000000  Size=001EF0  Align=00001  Fill=0000
    OAM               Offs=000000  Size=000100  Align=00001  Fill=0000
asm4c.o:
    CODE              Offs=003C8B  Size=000111  Align=00001  Fill=0000
    ZEROPAGE          Offs=0000BD  Size=000009  Align=00001  Fill=0000
C:\Users\pgrimsrud\NES\cc65\lib\nes.lib(aslax2.o):
    CODE              Offs=003D9C  Size=00000B  Align=00001  Fill=0000
C:\Users\pgrimsrud\NES\cc65\lib\nes.lib(bneg.o):
    CODE              Offs=003DA7  Size=00000E  Align=00001  Fill=0000
C:\Users\pgrimsrud\NES\cc65\lib\nes.lib(call.o):
    CODE              Offs=003DB5  Size=000007  Align=00001  Fill=0000
C:\Users\pgrimsrud\NES\cc65\lib\nes.lib(mulax10.o):
    CODE              Offs=003DBC  Size=000019  Align=00001  Fill=0000
C:\Users\pgrimsrud\NES\cc65\lib\nes.lib(mulax3.o):
    CODE              Offs=003DD5  Size=000011  Align=00001  Fill=0000
C:\Users\pgrimsrud\NES\cc65\lib\nes.lib(mulax9.o):
    CODE              Offs=003DE6  Size=000017  Align=00001  Fill=0000
C:\Users\pgrimsrud\NES\cc65\lib\nes.lib(shrax2.o):
    CODE              Offs=003DFD  Size=00000B  Align=00001  Fill=0000
C:\Users\pgrimsrud\NES\cc65\lib\nes.lib(zeropage.o):
    ZEROPAGE          Offs=0000C6  Size=00001A  Align=00001  Fill=0000


Segment list:
-------------
Name                   Start     End    Size  Align
----------------------------------------------------
CHARS                 000000  001EEF  001EF0  00001
HEADER                000000  00000F  000010  00001
ZEROPAGE              000020  0000FF  0000E0  00001
OAM                   000200  0002FF  000100  00001
BSS                   000300  000521  000222  00001
STARTUP               008000  00802B  00002C  00001
CODE                  00802C  00BE33  003E08  00001
RODATA                00BE34  00DF4C  002119  00001
MUSIC                 00E000  00FCB1  001CB2  00001
VECTORS               00FFFA  00FFFF  000006  00001


Exports list by name:
---------------------
_TileList                 00C670 RLA    _Title_UnRLE              00BCB7 RLA    
_UnRLE                    00BCEF RLA    __STARTUP__               000001 REA    
_collision                000301 RLA    _gVblank                  000300 RLA    
_main                     00BC17 RLA    _pMusicInit               00802C RLA    
_pMusicPlay               008030 RLA    aslax2                    00BDC8 RLA    
bnega                     00BDD7 RLA    callax                    00BDE1 RLA    
mulax10                   00BDE8 RLA    mulax3                    00BE01 RLA    
mulax9                    00BE12 RLA    ptr1                      0000EE RLZ    
ptr2                      0000F0 RLZ    regsave                   0000EA RLZ    
shrax2                    00BE29 RLA    sreg                      0000E8 RLZ    
tmp1                      0000F6 RLZ    


Exports list by value:
----------------------
__STARTUP__               000001 REA    sreg                      0000E8 RLZ    
regsave                   0000EA RLZ    ptr1                      0000EE RLZ    
ptr2                      0000F0 RLZ    tmp1                      0000F6 RLZ    
_gVblank                  000300 RLA    _collision                000301 RLA    
_pMusicInit               00802C RLA    _pMusicPlay               008030 RLA    
_main                     00BC17 RLA    _Title_UnRLE              00BCB7 RLA    
_UnRLE                    00BCEF RLA    aslax2                    00BDC8 RLA    
bnega                     00BDD7 RLA    callax                    00BDE1 RLA    
mulax10                   00BDE8 RLA    mulax3                    00BE01 RLA    
mulax9                    00BE12 RLA    shrax2                    00BE29 RLA    
_TileList                 00C670 RLA    


Imports list:
-------------
_TileList (ChickenOfTheFarm.o):
    asm4c.o                   asm4c.s(1)
_Title_UnRLE (asm4c.o):
    ChickenOfTheFarm.o        ChickenOfTheFarm.asm(124)
_UnRLE (asm4c.o):
    ChickenOfTheFarm.o        ChickenOfTheFarm.asm(123)
__STARTUP__ (main.o):
    ChickenOfTheFarm.o        ChickenOfTheFarm.asm(13)
_collision (ChickenOfTheFarm.o):
    asm4c.o                   asm4c.s(2)
_gVblank (main.o):
    ChickenOfTheFarm.o        ChickenOfTheFarm.asm(120)
_main (ChickenOfTheFarm.o):
    main.o                    main.asm(2)
_pMusicInit (main.o):
    ChickenOfTheFarm.o        ChickenOfTheFarm.asm(121)
_pMusicPlay (main.o):
    ChickenOfTheFarm.o        ChickenOfTheFarm.asm(122)
aslax2 (aslax2.o):
    ChickenOfTheFarm.o        ChickenOfTheFarm.asm(29988)
    ChickenOfTheFarm.o        ChickenOfTheFarm.asm(29988)
bnega (bneg.o):
    ChickenOfTheFarm.o        ChickenOfTheFarm.asm(29988)
callax (call.o):
    ChickenOfTheFarm.o        ChickenOfTheFarm.asm(29988)
    ChickenOfTheFarm.o        ChickenOfTheFarm.asm(29988)
mulax10 (mulax10.o):
    ChickenOfTheFarm.o        ChickenOfTheFarm.asm(29988)
mulax3 (mulax3.o):
    ChickenOfTheFarm.o        ChickenOfTheFarm.asm(29988)
    ChickenOfTheFarm.o        ChickenOfTheFarm.asm(29988)
    ChickenOfTheFarm.o        ChickenOfTheFarm.asm(29988)
    ChickenOfTheFarm.o        ChickenOfTheFarm.asm(29988)
    ChickenOfTheFarm.o        ChickenOfTheFarm.asm(29988)
    ChickenOfTheFarm.o        ChickenOfTheFarm.asm(29988)
mulax9 (mulax9.o):
    ChickenOfTheFarm.o        ChickenOfTheFarm.asm(29988)
    ChickenOfTheFarm.o        ChickenOfTheFarm.asm(29988)
    ChickenOfTheFarm.o        ChickenOfTheFarm.asm(29988)
    ChickenOfTheFarm.o        ChickenOfTheFarm.asm(29988)
    ChickenOfTheFarm.o        ChickenOfTheFarm.asm(29988)
ptr1 (zeropage.o):
    mulax9.o                  runtime/mulax9.s(9)
    mulax3.o                  runtime/mulax3.s(8)
    mulax10.o                 runtime/mulax10.s(9)
    call.o                    runtime/call.s(8)
    ChickenOfTheFarm.o        ChickenOfTheFarm.asm(11)
ptr2 (zeropage.o):
    ChickenOfTheFarm.o        ChickenOfTheFarm.asm(11)
regsave (zeropage.o):
    ChickenOfTheFarm.o        ChickenOfTheFarm.asm(10)
shrax2 (shrax2.o):
    ChickenOfTheFarm.o        ChickenOfTheFarm.asm(29988)
sreg (zeropage.o):
    ChickenOfTheFarm.o        ChickenOfTheFarm.asm(10)
tmp1 (zeropage.o):
    shrax2.o                  runtime/shrax2.s(8)
    aslax2.o                  runtime/aslax2.s(8)
    ChickenOfTheFarm.o        ChickenOfTheFarm.asm(11)

