Modules list:
-------------
main.o:
    CODE              Offs=000000  Size=00000C  Align=00001  Fill=0000
    BSS               Offs=000000  Size=000001  Align=00001  Fill=0000
    HEADER            Offs=000000  Size=000010  Align=00001  Fill=0000
    VECTORS           Offs=000000  Size=000006  Align=00001  Fill=0000
    STARTUP           Offs=000000  Size=00002C  Align=00001  Fill=0000
    MUSIC             Offs=000000  Size=001D44  Align=00001  Fill=0000
ChickenOfTheFarm.o:
    CODE              Offs=00000C  Size=003E2A  Align=00001  Fill=0000
    RODATA            Offs=000000  Size=002109  Align=00001  Fill=0000
    BSS               Offs=000001  Size=000226  Align=00001  Fill=0000
    ZEROPAGE          Offs=000000  Size=0000BD  Align=00001  Fill=0000
    CHARS             Offs=000000  Size=001EF0  Align=00001  Fill=0000
    OAM               Offs=000000  Size=000100  Align=00001  Fill=0000
asm4c.o:
    CODE              Offs=003E36  Size=000111  Align=00001  Fill=0000
    ZEROPAGE          Offs=0000BD  Size=000009  Align=00001  Fill=0000
C:\Users\pgrimsrud\NES\cc65\lib\nes.lib(aslax2.o):
    CODE              Offs=003F47  Size=00000B  Align=00001  Fill=0000
C:\Users\pgrimsrud\NES\cc65\lib\nes.lib(call.o):
    CODE              Offs=003F52  Size=000007  Align=00001  Fill=0000
C:\Users\pgrimsrud\NES\cc65\lib\nes.lib(mulax3.o):
    CODE              Offs=003F59  Size=000011  Align=00001  Fill=0000
C:\Users\pgrimsrud\NES\cc65\lib\nes.lib(mulax9.o):
    CODE              Offs=003F6A  Size=000017  Align=00001  Fill=0000
C:\Users\pgrimsrud\NES\cc65\lib\nes.lib(shrax2.o):
    CODE              Offs=003F81  Size=00000B  Align=00001  Fill=0000
C:\Users\pgrimsrud\NES\cc65\lib\nes.lib(zeropage.o):
    ZEROPAGE          Offs=0000C6  Size=00001A  Align=00001  Fill=0000


Segment list:
-------------
Name                   Start     End    Size  Align
----------------------------------------------------
CHARS                 000000  001EEF  001EF0  00001
HEADER                000000  00000F  000010  00001
ZEROPAGE              000020  0000FF  0000E0  00001
OAM                   000200  0002FF  000100  00001
BSS                   000300  000526  000227  00001
STARTUP               008000  00802B  00002C  00001
CODE                  00802C  00BFB7  003F8C  00001
RODATA                00BFB8  00E0C0  002109  00001
MUSIC                 00E28C  00FFCF  001D44  00001
VECTORS               00FFFA  00FFFF  000006  00001


Exports list by name:
---------------------
_TileList                 00C7FD RLA    _Title_UnRLE              00BE62 RLA    
_UnRLE                    00BE9A RLA    __STARTUP__               000001 REA    
_collision                000301 RLA    _gVblank                  000300 RLA    
_main                     00BDBB RLA    _pMusicInit               00802C RLA    
_pMusicPlay               008030 RLA    aslax2                    00BF73 RLA    
callax                    00BF7E RLA    mulax3                    00BF85 RLA    
mulax9                    00BF96 RLA    ptr1                      0000EE RLZ    
ptr2                      0000F0 RLZ    regsave                   0000EA RLZ    
shrax2                    00BFAD RLA    sreg                      0000E8 RLZ    
tmp1                      0000F6 RLZ    


Exports list by value:
----------------------
__STARTUP__               000001 REA    sreg                      0000E8 RLZ    
regsave                   0000EA RLZ    ptr1                      0000EE RLZ    
ptr2                      0000F0 RLZ    tmp1                      0000F6 RLZ    
_gVblank                  000300 RLA    _collision                000301 RLA    
_pMusicInit               00802C RLA    _pMusicPlay               008030 RLA    
_main                     00BDBB RLA    _Title_UnRLE              00BE62 RLA    
_UnRLE                    00BE9A RLA    aslax2                    00BF73 RLA    
callax                    00BF7E RLA    mulax3                    00BF85 RLA    
mulax9                    00BF96 RLA    shrax2                    00BFAD RLA    
_TileList                 00C7FD RLA    


Imports list:
-------------
_TileList (ChickenOfTheFarm.o):
    asm4c.o                   asm4c.s(1)
_Title_UnRLE (asm4c.o):
    ChickenOfTheFarm.o        ChickenOfTheFarm.asm(128)
_UnRLE (asm4c.o):
    ChickenOfTheFarm.o        ChickenOfTheFarm.asm(127)
__STARTUP__ (main.o):
    ChickenOfTheFarm.o        ChickenOfTheFarm.asm(13)
_collision (ChickenOfTheFarm.o):
    asm4c.o                   asm4c.s(2)
_gVblank (main.o):
    ChickenOfTheFarm.o        ChickenOfTheFarm.asm(124)
_main (ChickenOfTheFarm.o):
    main.o                    main.asm(2)
_pMusicInit (main.o):
    ChickenOfTheFarm.o        ChickenOfTheFarm.asm(125)
_pMusicPlay (main.o):
    ChickenOfTheFarm.o        ChickenOfTheFarm.asm(126)
aslax2 (aslax2.o):
    ChickenOfTheFarm.o        ChickenOfTheFarm.asm(30585)
    ChickenOfTheFarm.o        ChickenOfTheFarm.asm(30585)
    ChickenOfTheFarm.o        ChickenOfTheFarm.asm(30585)
callax (call.o):
    ChickenOfTheFarm.o        ChickenOfTheFarm.asm(30585)
    ChickenOfTheFarm.o        ChickenOfTheFarm.asm(30585)
mulax3 (mulax3.o):
    ChickenOfTheFarm.o        ChickenOfTheFarm.asm(30585)
    ChickenOfTheFarm.o        ChickenOfTheFarm.asm(30585)
    ChickenOfTheFarm.o        ChickenOfTheFarm.asm(30585)
    ChickenOfTheFarm.o        ChickenOfTheFarm.asm(30585)
    ChickenOfTheFarm.o        ChickenOfTheFarm.asm(30585)
    ChickenOfTheFarm.o        ChickenOfTheFarm.asm(30585)
mulax9 (mulax9.o):
    ChickenOfTheFarm.o        ChickenOfTheFarm.asm(30585)
    ChickenOfTheFarm.o        ChickenOfTheFarm.asm(30585)
    ChickenOfTheFarm.o        ChickenOfTheFarm.asm(30585)
    ChickenOfTheFarm.o        ChickenOfTheFarm.asm(30585)
    ChickenOfTheFarm.o        ChickenOfTheFarm.asm(30585)
    ChickenOfTheFarm.o        ChickenOfTheFarm.asm(30585)
    ChickenOfTheFarm.o        ChickenOfTheFarm.asm(30585)
ptr1 (zeropage.o):
    mulax9.o                  runtime/mulax9.s(9)
    mulax3.o                  runtime/mulax3.s(8)
    call.o                    runtime/call.s(8)
    ChickenOfTheFarm.o        ChickenOfTheFarm.asm(11)
ptr2 (zeropage.o):
    ChickenOfTheFarm.o        ChickenOfTheFarm.asm(11)
regsave (zeropage.o):
    ChickenOfTheFarm.o        ChickenOfTheFarm.asm(10)
shrax2 (shrax2.o):
    ChickenOfTheFarm.o        ChickenOfTheFarm.asm(30585)
sreg (zeropage.o):
    ChickenOfTheFarm.o        ChickenOfTheFarm.asm(10)
tmp1 (zeropage.o):
    shrax2.o                  runtime/shrax2.s(8)
    aslax2.o                  runtime/aslax2.s(8)
    ChickenOfTheFarm.o        ChickenOfTheFarm.asm(11)

