Modules list:
-------------
main.o:
    CODE              Offs=000000  Size=00000C  Align=00001  Fill=0000
    BSS               Offs=000000  Size=000001  Align=00001  Fill=0000
    HEADER            Offs=000000  Size=000010  Align=00001  Fill=0000
    VECTORS           Offs=000000  Size=000006  Align=00001  Fill=0000
    STARTUP           Offs=000000  Size=00002C  Align=00001  Fill=0000
    MUSIC             Offs=000000  Size=001CB2  Align=00001  Fill=0000
ChickenOfTheFarm.o:
    CODE              Offs=00000C  Size=003AA9  Align=00001  Fill=0000
    RODATA            Offs=000000  Size=001AD3  Align=00001  Fill=0000
    BSS               Offs=000001  Size=0002E8  Align=00001  Fill=0000
    CHARS             Offs=000000  Size=001EF0  Align=00001  Fill=0000
    OAM               Offs=000000  Size=000100  Align=00001  Fill=0000
asm4c.o:
    CODE              Offs=003AB5  Size=00010F  Align=00001  Fill=0000
    ZEROPAGE          Offs=000000  Size=000009  Align=00001  Fill=0000
C:\Users\pgrimsrud\NES\cc65\lib\nes.lib(aslax2.o):
    CODE              Offs=003BC4  Size=00000B  Align=00001  Fill=0000
C:\Users\pgrimsrud\NES\cc65\lib\nes.lib(bneg.o):
    CODE              Offs=003BCF  Size=00000E  Align=00001  Fill=0000
C:\Users\pgrimsrud\NES\cc65\lib\nes.lib(call.o):
    CODE              Offs=003BDD  Size=000007  Align=00001  Fill=0000
C:\Users\pgrimsrud\NES\cc65\lib\nes.lib(mulax10.o):
    CODE              Offs=003BE4  Size=000019  Align=00001  Fill=0000
C:\Users\pgrimsrud\NES\cc65\lib\nes.lib(mulax3.o):
    CODE              Offs=003BFD  Size=000011  Align=00001  Fill=0000
C:\Users\pgrimsrud\NES\cc65\lib\nes.lib(mulax9.o):
    CODE              Offs=003C0E  Size=000017  Align=00001  Fill=0000
C:\Users\pgrimsrud\NES\cc65\lib\nes.lib(shrax2.o):
    CODE              Offs=003C25  Size=00000B  Align=00001  Fill=0000
C:\Users\pgrimsrud\NES\cc65\lib\nes.lib(zeropage.o):
    ZEROPAGE          Offs=000009  Size=00001A  Align=00001  Fill=0000


Segment list:
-------------
Name                   Start     End    Size  Align
----------------------------------------------------
CHARS                 000000  001EEF  001EF0  00001
HEADER                000000  00000F  000010  00001
ZEROPAGE              000020  000042  000023  00001
OAM                   000200  0002FF  000100  00001
BSS                   000300  0005E8  0002E9  00001
STARTUP               008000  00802B  00002C  00001
CODE                  00802C  00BC5B  003C30  00001
RODATA                00BC5C  00D72E  001AD3  00001
MUSIC                 00E000  00FCB1  001CB2  00001
VECTORS               00FFFA  00FFFF  000006  00001


Exports list by name:
---------------------
_TileList                 00C3EF RLA    _Title_UnRLE              00BAE1 RLA    
_UnRLE                    00BB19 RLA    __STARTUP__               000001 REA    
_collision                000301 RLA    _gVblank                  000300 RLA    
_main                     00BA41 RLA    _pMusicInit               00802C RLA    
_pMusicPlay               008030 RLA    aslax2                    00BBF0 RLA    
bnega                     00BBFF RLA    callax                    00BC09 RLA    
mulax10                   00BC10 RLA    mulax3                    00BC29 RLA    
mulax9                    00BC3A RLA    ptr1                      000031 RLZ    
ptr2                      000033 RLZ    regsave                   00002D RLZ    
shrax2                    00BC51 RLA    sreg                      00002B RLZ    
tmp1                      000039 RLZ    


Exports list by value:
----------------------
__STARTUP__               000001 REA    sreg                      00002B RLZ    
regsave                   00002D RLZ    ptr1                      000031 RLZ    
ptr2                      000033 RLZ    tmp1                      000039 RLZ    
_gVblank                  000300 RLA    _collision                000301 RLA    
_pMusicInit               00802C RLA    _pMusicPlay               008030 RLA    
_main                     00BA41 RLA    _Title_UnRLE              00BAE1 RLA    
_UnRLE                    00BB19 RLA    aslax2                    00BBF0 RLA    
bnega                     00BBFF RLA    callax                    00BC09 RLA    
mulax10                   00BC10 RLA    mulax3                    00BC29 RLA    
mulax9                    00BC3A RLA    shrax2                    00BC51 RLA    
_TileList                 00C3EF RLA    


Imports list:
-------------
_TileList (ChickenOfTheFarm.o):
    asm4c.o                   asm4c.s(1)
_Title_UnRLE (asm4c.o):
    ChickenOfTheFarm.o        ChickenOfTheFarm.asm(146)
_UnRLE (asm4c.o):
    ChickenOfTheFarm.o        ChickenOfTheFarm.asm(145)
__STARTUP__ (main.o):
    ChickenOfTheFarm.o        ChickenOfTheFarm.asm(13)
_collision (ChickenOfTheFarm.o):
    asm4c.o                   asm4c.s(2)
_gVblank (main.o):
    ChickenOfTheFarm.o        ChickenOfTheFarm.asm(142)
_main (ChickenOfTheFarm.o):
    main.o                    main.asm(2)
_pMusicInit (main.o):
    ChickenOfTheFarm.o        ChickenOfTheFarm.asm(143)
_pMusicPlay (main.o):
    ChickenOfTheFarm.o        ChickenOfTheFarm.asm(144)
aslax2 (aslax2.o):
    ChickenOfTheFarm.o        ChickenOfTheFarm.asm(27218)
    ChickenOfTheFarm.o        ChickenOfTheFarm.asm(27218)
bnega (bneg.o):
    ChickenOfTheFarm.o        ChickenOfTheFarm.asm(27218)
callax (call.o):
    ChickenOfTheFarm.o        ChickenOfTheFarm.asm(27218)
    ChickenOfTheFarm.o        ChickenOfTheFarm.asm(27218)
mulax10 (mulax10.o):
    ChickenOfTheFarm.o        ChickenOfTheFarm.asm(27218)
mulax3 (mulax3.o):
    ChickenOfTheFarm.o        ChickenOfTheFarm.asm(27218)
    ChickenOfTheFarm.o        ChickenOfTheFarm.asm(27218)
mulax9 (mulax9.o):
    ChickenOfTheFarm.o        ChickenOfTheFarm.asm(27218)
    ChickenOfTheFarm.o        ChickenOfTheFarm.asm(27218)
    ChickenOfTheFarm.o        ChickenOfTheFarm.asm(27218)
    ChickenOfTheFarm.o        ChickenOfTheFarm.asm(27218)
    ChickenOfTheFarm.o        ChickenOfTheFarm.asm(27218)
ptr1 (zeropage.o):
    mulax9.o                  runtime/mulax9.s(9)
    mulax3.o                  runtime/mulax3.s(8)
    mulax10.o                 runtime/mulax10.s(9)
    call.o                    runtime/call.s(8)
    ChickenOfTheFarm.o        ChickenOfTheFarm.asm(11)
ptr2 (zeropage.o):
    ChickenOfTheFarm.o        ChickenOfTheFarm.asm(11)
regsave (zeropage.o):
    ChickenOfTheFarm.o        ChickenOfTheFarm.asm(10)
shrax2 (shrax2.o):
    ChickenOfTheFarm.o        ChickenOfTheFarm.asm(27218)
sreg (zeropage.o):
    ChickenOfTheFarm.o        ChickenOfTheFarm.asm(10)
tmp1 (zeropage.o):
    shrax2.o                  runtime/shrax2.s(8)
    aslax2.o                  runtime/aslax2.s(8)
    ChickenOfTheFarm.o        ChickenOfTheFarm.asm(11)

