Modules list:
-------------
main.o:
    CODE              Offs=000000  Size=00000C  Align=00001  Fill=0000
    BSS               Offs=000000  Size=000001  Align=00001  Fill=0000
    HEADER            Offs=000000  Size=000010  Align=00001  Fill=0000
    VECTORS           Offs=000000  Size=000006  Align=00001  Fill=0000
    STARTUP           Offs=000000  Size=00002C  Align=00001  Fill=0000
    MUSIC             Offs=000000  Size=001CB2  Align=00001  Fill=0000
ChickenOfTheFarm.o:
    CODE              Offs=00000C  Size=003D6A  Align=00001  Fill=0000
    RODATA            Offs=000000  Size=001E16  Align=00001  Fill=0000
    BSS               Offs=000001  Size=0002DA  Align=00001  Fill=0000
    CHARS             Offs=000000  Size=001EF0  Align=00001  Fill=0000
    OAM               Offs=000000  Size=000100  Align=00001  Fill=0000
asm4c.o:
    CODE              Offs=003D76  Size=000037  Align=00001  Fill=0000
    ZEROPAGE          Offs=000000  Size=000004  Align=00001  Fill=0000
C:\Users\mitch3a\Downloads\cc65-snapshot-win32\lib\nes.lib(aslax2.o):
    CODE              Offs=003DAD  Size=00000B  Align=00001  Fill=0000
C:\Users\mitch3a\Downloads\cc65-snapshot-win32\lib\nes.lib(aslax3.o):
    CODE              Offs=003DB8  Size=00000E  Align=00001  Fill=0000
C:\Users\mitch3a\Downloads\cc65-snapshot-win32\lib\nes.lib(bneg.o):
    CODE              Offs=003DC6  Size=00000E  Align=00001  Fill=0000
C:\Users\mitch3a\Downloads\cc65-snapshot-win32\lib\nes.lib(call.o):
    CODE              Offs=003DD4  Size=000007  Align=00001  Fill=0000
C:\Users\mitch3a\Downloads\cc65-snapshot-win32\lib\nes.lib(mulax10.o):
    CODE              Offs=003DDB  Size=000019  Align=00001  Fill=0000
C:\Users\mitch3a\Downloads\cc65-snapshot-win32\lib\nes.lib(mulax9.o):
    CODE              Offs=003DF4  Size=000017  Align=00001  Fill=0000
C:\Users\mitch3a\Downloads\cc65-snapshot-win32\lib\nes.lib(shrax2.o):
    CODE              Offs=003E0B  Size=00000B  Align=00001  Fill=0000
C:\Users\mitch3a\Downloads\cc65-snapshot-win32\lib\nes.lib(shrax4.o):
    CODE              Offs=003E16  Size=000011  Align=00001  Fill=0000
C:\Users\mitch3a\Downloads\cc65-snapshot-win32\lib\nes.lib(zeropage.o):
    ZEROPAGE          Offs=000004  Size=00001A  Align=00001  Fill=0000


Segment list:
-------------
Name                   Start     End    Size  Align
----------------------------------------------------
CHARS                 000000  001EEF  001EF0  00001
HEADER                000000  00000F  000010  00001
ZEROPAGE              000020  00003D  00001E  00001
OAM                   000200  0002FF  000100  00001
BSS                   000300  0005DA  0002DB  00001
STARTUP               008000  00802B  00002C  00001
CODE                  00802C  00BE52  003E27  00001
RODATA                00BE53  00DC68  001E16  00001
MUSIC                 00E000  00FCB1  001CB2  00001
VECTORS               00FFFA  00FFFF  000006  00001


Exports list by name:
---------------------
_UnRLE                    00BDA2 RLA    __STARTUP__               000001 REA    
_gVblank                  000300 RLA    _main                     00BD00 RLA    
_pMusicInit               00802C RLA    _pMusicPlay               008030 RLA    
aslax2                    00BDD9 RLA    bnega                     00BDF6 RLA    
callax                    00BE00 RLA    mulax10                   00BE07 RLA    
mulax9                    00BE20 RLA    ptr1                      00002C RLZ    
regsave                   000028 RLZ    shlax2                    00BDD9 RLA    
shlax3                    00BDE4 RLA    shrax2                    00BE37 RLA    
shrax4                    00BE42 RLA    sreg                      000026 RLZ    
tmp1                      000034 RLZ    


Exports list by value:
----------------------
__STARTUP__               000001 REA    sreg                      000026 RLZ    
regsave                   000028 RLZ    ptr1                      00002C RLZ    
tmp1                      000034 RLZ    _gVblank                  000300 RLA    
_pMusicInit               00802C RLA    _pMusicPlay               008030 RLA    
_main                     00BD00 RLA    _UnRLE                    00BDA2 RLA    
shlax2                    00BDD9 RLA    aslax2                    00BDD9 RLA    
shlax3                    00BDE4 RLA    bnega                     00BDF6 RLA    
callax                    00BE00 RLA    mulax10                   00BE07 RLA    
mulax9                    00BE20 RLA    shrax2                    00BE37 RLA    
shrax4                    00BE42 RLA    


Imports list:
-------------
_UnRLE (asm4c.o):
    ChickenOfTheFarm.o        ChickenOfTheFarm.asm(108)
__STARTUP__ (main.o):
    ChickenOfTheFarm.o        ChickenOfTheFarm.asm(13)
_gVblank (main.o):
    ChickenOfTheFarm.o        ChickenOfTheFarm.asm(105)
_main (ChickenOfTheFarm.o):
    main.o                    main.asm(2)
_pMusicInit (main.o):
    ChickenOfTheFarm.o        ChickenOfTheFarm.asm(106)
_pMusicPlay (main.o):
    ChickenOfTheFarm.o        ChickenOfTheFarm.asm(107)
aslax2 (aslax2.o):
    ChickenOfTheFarm.o        ChickenOfTheFarm.asm(27854)
bnega (bneg.o):
    ChickenOfTheFarm.o        ChickenOfTheFarm.asm(27854)
callax (call.o):
    ChickenOfTheFarm.o        ChickenOfTheFarm.asm(27854)
    ChickenOfTheFarm.o        ChickenOfTheFarm.asm(27854)
mulax10 (mulax10.o):
    ChickenOfTheFarm.o        ChickenOfTheFarm.asm(27854)
mulax9 (mulax9.o):
    ChickenOfTheFarm.o        ChickenOfTheFarm.asm(27854)
    ChickenOfTheFarm.o        ChickenOfTheFarm.asm(27854)
    ChickenOfTheFarm.o        ChickenOfTheFarm.asm(27854)
    ChickenOfTheFarm.o        ChickenOfTheFarm.asm(27854)
    ChickenOfTheFarm.o        ChickenOfTheFarm.asm(27854)
ptr1 (zeropage.o):
    mulax9.o                  runtime/mulax9.s(10)
    mulax10.o                 runtime/mulax10.s(9)
    call.o                    runtime/call.s(8)
    ChickenOfTheFarm.o        ChickenOfTheFarm.asm(11)
regsave (zeropage.o):
    ChickenOfTheFarm.o        ChickenOfTheFarm.asm(10)
shlax2 (aslax2.o):
    ChickenOfTheFarm.o        ChickenOfTheFarm.asm(27854)
    ChickenOfTheFarm.o        ChickenOfTheFarm.asm(27854)
shlax3 (aslax3.o):
    ChickenOfTheFarm.o        ChickenOfTheFarm.asm(27854)
shrax2 (shrax2.o):
    ChickenOfTheFarm.o        ChickenOfTheFarm.asm(27854)
shrax4 (shrax4.o):
    ChickenOfTheFarm.o        ChickenOfTheFarm.asm(27854)
sreg (zeropage.o):
    ChickenOfTheFarm.o        ChickenOfTheFarm.asm(10)
tmp1 (zeropage.o):
    shrax4.o                  runtime/shrax4.s(8)
    shrax2.o                  runtime/shrax2.s(8)
    aslax3.o                  runtime/aslax3.s(8)
    aslax2.o                  runtime/aslax2.s(8)
    ChickenOfTheFarm.o        ChickenOfTheFarm.asm(11)

