Modules list:
-------------
main.o:
    CODE              Offs=000000  Size=00000C  Align=00001  Fill=0000
    BSS               Offs=000000  Size=000001  Align=00001  Fill=0000
    HEADER            Offs=000000  Size=000010  Align=00001  Fill=0000
    VECTORS           Offs=000000  Size=000006  Align=00001  Fill=0000
    STARTUP           Offs=000000  Size=00002C  Align=00001  Fill=0000
    MUSIC             Offs=000000  Size=001CB2  Align=00001  Fill=0000
ChickenOfTheFarm.o:
    CODE              Offs=00000C  Size=003E3A  Align=00001  Fill=0000
    RODATA            Offs=000000  Size=001F24  Align=00001  Fill=0000
    BSS               Offs=000001  Size=0002DA  Align=00001  Fill=0000
    CHARS             Offs=000000  Size=001EF0  Align=00001  Fill=0000
    OAM               Offs=000000  Size=000100  Align=00001  Fill=0000
asm4c.o:
    CODE              Offs=003E46  Size=000111  Align=00001  Fill=0000
    ZEROPAGE          Offs=000000  Size=000009  Align=00001  Fill=0000
C:\Users\pgrimsrud\NES\cc65\lib\nes.lib(aslax2.o):
    CODE              Offs=003F57  Size=00000B  Align=00001  Fill=0000
C:\Users\pgrimsrud\NES\cc65\lib\nes.lib(bneg.o):
    CODE              Offs=003F62  Size=00000E  Align=00001  Fill=0000
C:\Users\pgrimsrud\NES\cc65\lib\nes.lib(call.o):
    CODE              Offs=003F70  Size=000007  Align=00001  Fill=0000
C:\Users\pgrimsrud\NES\cc65\lib\nes.lib(icmp.o):
    CODE              Offs=003F77  Size=00002E  Align=00001  Fill=0000
C:\Users\pgrimsrud\NES\cc65\lib\nes.lib(mulax10.o):
    CODE              Offs=003FA5  Size=000019  Align=00001  Fill=0000
C:\Users\pgrimsrud\NES\cc65\lib\nes.lib(mulax3.o):
    CODE              Offs=003FBE  Size=000011  Align=00001  Fill=0000
C:\Users\pgrimsrud\NES\cc65\lib\nes.lib(mulax9.o):
    CODE              Offs=003FCF  Size=000017  Align=00001  Fill=0000
C:\Users\pgrimsrud\NES\cc65\lib\nes.lib(pushax.o):
    CODE              Offs=003FE6  Size=00001A  Align=00001  Fill=0000
C:\Users\pgrimsrud\NES\cc65\lib\nes.lib(shrax2.o):
    CODE              Offs=004000  Size=00000B  Align=00001  Fill=0000
C:\Users\pgrimsrud\NES\cc65\lib\nes.lib(zeropage.o):
    ZEROPAGE          Offs=000009  Size=00001A  Align=00001  Fill=0000


Segment list:
-------------
Name                   Start     End    Size  Align
----------------------------------------------------
CHARS                 000000  001EEF  001EF0  00001
HEADER                000000  00000F  000010  00001
ZEROPAGE              000020  000042  000023  00001
OAM                   000200  0002FF  000100  00001
BSS                   000300  0005DA  0002DB  00001
STARTUP               008000  00802B  00002C  00001
CODE                  00802C  00C036  00400B  00001
RODATA                00C037  00DF5A  001F24  00001
MUSIC                 00E000  00FCB1  001CB2  00001
VECTORS               00FFFA  00FFFF  000006  00001


Exports list by name:
---------------------
_TileList                 00C747 RLA    _Title_UnRLE              00BE72 RLA    
_UnRLE                    00BEAA RLA    __STARTUP__               000001 REA    
_collision                000301 RLA    _gVblank                  000300 RLA    
_main                     00BDD2 RLA    _pMusicInit               00802C RLA    
_pMusicPlay               008030 RLA    aslax2                    00BF83 RLA    
bnega                     00BF92 RLA    callax                    00BF9C RLA    
mulax10                   00BFD1 RLA    mulax3                    00BFEA RLA    
mulax9                    00BFFB RLA    ptr1                      000031 RLZ    
ptr2                      000033 RLZ    pusha0                    00C014 RLA    
regsave                   00002D RLZ    shrax2                    00C02C RLA    
sp                        000029 RLZ    sreg                      00002B RLZ    
tmp1                      000039 RLZ    tosicmp0                  00BFA3 RLA    



Exports list by value:
----------------------
__STARTUP__               000001 REA    sp                        000029 RLZ    
sreg                      00002B RLZ    regsave                   00002D RLZ    
ptr1                      000031 RLZ    ptr2                      000033 RLZ    
tmp1                      000039 RLZ    _gVblank                  000300 RLA    
_collision                000301 RLA    _pMusicInit               00802C RLA    
_pMusicPlay               008030 RLA    _main                     00BDD2 RLA    
_Title_UnRLE              00BE72 RLA    _UnRLE                    00BEAA RLA    
aslax2                    00BF83 RLA    bnega                     00BF92 RLA    
callax                    00BF9C RLA    tosicmp0                  00BFA3 RLA    
mulax10                   00BFD1 RLA    mulax3                    00BFEA RLA    
mulax9                    00BFFB RLA    pusha0                    00C014 RLA    
shrax2                    00C02C RLA    _TileList                 00C747 RLA    



Imports list:
-------------
_TileList (ChickenOfTheFarm.o):
    asm4c.o                   asm4c.s(1)
_Title_UnRLE (asm4c.o):
    ChickenOfTheFarm.o        ChickenOfTheFarm.asm(123)
_UnRLE (asm4c.o):
    ChickenOfTheFarm.o        ChickenOfTheFarm.asm(122)
__STARTUP__ (main.o):
    ChickenOfTheFarm.o        ChickenOfTheFarm.asm(13)
_collision (ChickenOfTheFarm.o):
    asm4c.o                   asm4c.s(2)
_gVblank (main.o):
    ChickenOfTheFarm.o        ChickenOfTheFarm.asm(119)
_main (ChickenOfTheFarm.o):
    main.o                    main.asm(2)
_pMusicInit (main.o):
    ChickenOfTheFarm.o        ChickenOfTheFarm.asm(120)
_pMusicPlay (main.o):
    ChickenOfTheFarm.o        ChickenOfTheFarm.asm(121)
aslax2 (aslax2.o):
    ChickenOfTheFarm.o        ChickenOfTheFarm.asm(29041)
    ChickenOfTheFarm.o        ChickenOfTheFarm.asm(29041)
bnega (bneg.o):
    ChickenOfTheFarm.o        ChickenOfTheFarm.asm(29041)
callax (call.o):
    ChickenOfTheFarm.o        ChickenOfTheFarm.asm(29041)
    ChickenOfTheFarm.o        ChickenOfTheFarm.asm(29041)
mulax10 (mulax10.o):
    ChickenOfTheFarm.o        ChickenOfTheFarm.asm(29041)
mulax3 (mulax3.o):
    ChickenOfTheFarm.o        ChickenOfTheFarm.asm(29041)
    ChickenOfTheFarm.o        ChickenOfTheFarm.asm(29041)
    ChickenOfTheFarm.o        ChickenOfTheFarm.asm(29041)
    ChickenOfTheFarm.o        ChickenOfTheFarm.asm(29041)
    ChickenOfTheFarm.o        ChickenOfTheFarm.asm(29041)
mulax9 (mulax9.o):
    ChickenOfTheFarm.o        ChickenOfTheFarm.asm(29041)
    ChickenOfTheFarm.o        ChickenOfTheFarm.asm(29041)
    ChickenOfTheFarm.o        ChickenOfTheFarm.asm(29041)
    ChickenOfTheFarm.o        ChickenOfTheFarm.asm(29041)
    ChickenOfTheFarm.o        ChickenOfTheFarm.asm(29041)
ptr1 (zeropage.o):
    mulax9.o                  runtime/mulax9.s(9)
    mulax3.o                  runtime/mulax3.s(8)
    mulax10.o                 runtime/mulax10.s(9)
    call.o                    runtime/call.s(8)
    ChickenOfTheFarm.o        ChickenOfTheFarm.asm(11)
ptr2 (zeropage.o):
    ChickenOfTheFarm.o        ChickenOfTheFarm.asm(11)
pusha0 (pushax.o):
    ChickenOfTheFarm.o        ChickenOfTheFarm.asm(29041)
regsave (zeropage.o):
    ChickenOfTheFarm.o        ChickenOfTheFarm.asm(10)
shrax2 (shrax2.o):
    ChickenOfTheFarm.o        ChickenOfTheFarm.asm(29041)
sp (zeropage.o):
    pushax.o                  runtime/pushax.s(8)
    icmp.o                    runtime/icmp.s(9)
sreg (zeropage.o):
    icmp.o                    runtime/icmp.s(9)
    ChickenOfTheFarm.o        ChickenOfTheFarm.asm(10)
tmp1 (zeropage.o):
    shrax2.o                  runtime/shrax2.s(8)
    aslax2.o                  runtime/aslax2.s(8)
    ChickenOfTheFarm.o        ChickenOfTheFarm.asm(11)
tosicmp0 (icmp.o):
    ChickenOfTheFarm.o        ChickenOfTheFarm.asm(29041)

