Modules list:
-------------
main.o:
    CODE              Offs=000000  Size=00000C  Align=00001  Fill=0000
    BSS               Offs=000000  Size=000001  Align=00001  Fill=0000
    HEADER            Offs=000000  Size=000010  Align=00001  Fill=0000
    VECTORS           Offs=000000  Size=000006  Align=00001  Fill=0000
    STARTUP           Offs=000000  Size=000007  Align=00001  Fill=0000
    MUSIC             Offs=000000  Size=001B0A  Align=00001  Fill=0000
ChickenOfTheFarm.o:
    CODE              Offs=00000C  Size=003B69  Align=00001  Fill=0000
    RODATA            Offs=000000  Size=000F8B  Align=00001  Fill=0000
    BSS               Offs=000001  Size=0002D0  Align=00001  Fill=0000
    CHARS             Offs=000000  Size=001EA0  Align=00001  Fill=0000
    OAM               Offs=000000  Size=000100  Align=00001  Fill=0000
asm4c.o:
    CODE              Offs=003B75  Size=000037  Align=00001  Fill=0000
    ZEROPAGE          Offs=000000  Size=000004  Align=00001  Fill=0000
C:\Users\pgrimsrud\NES\cc65\lib\nes.lib(aslax2.o):
    CODE              Offs=003BAC  Size=00000B  Align=00001  Fill=0000
C:\Users\pgrimsrud\NES\cc65\lib\nes.lib(aslax3.o):
    CODE              Offs=003BB7  Size=00000E  Align=00001  Fill=0000
C:\Users\pgrimsrud\NES\cc65\lib\nes.lib(bneg.o):
    CODE              Offs=003BC5  Size=00000E  Align=00001  Fill=0000
C:\Users\pgrimsrud\NES\cc65\lib\nes.lib(call.o):
    CODE              Offs=003BD3  Size=000007  Align=00001  Fill=0000
C:\Users\pgrimsrud\NES\cc65\lib\nes.lib(mulax9.o):
    CODE              Offs=003BDA  Size=000017  Align=00001  Fill=0000
C:\Users\pgrimsrud\NES\cc65\lib\nes.lib(shrax2.o):
    CODE              Offs=003BF1  Size=00000B  Align=00001  Fill=0000
C:\Users\pgrimsrud\NES\cc65\lib\nes.lib(shrax4.o):
    CODE              Offs=003BFC  Size=000011  Align=00001  Fill=0000
C:\Users\pgrimsrud\NES\cc65\lib\nes.lib(zeropage.o):
    ZEROPAGE          Offs=000004  Size=00001A  Align=00001  Fill=0000


Segment list:
-------------
Name                   Start     End    Size  Align
----------------------------------------------------
CHARS                 000000  001E9F  001EA0  00001
HEADER                000000  00000F  000010  00001
ZEROPAGE              000020  00003D  00001E  00001
OAM                   000200  0002FF  000100  00001
BSS                   000300  0005D0  0002D1  00001
STARTUP               008000  008006  000007  00001
CODE                  008007  00BC13  003C0D  00001
RODATA                00BC14  00CB9E  000F8B  00001
MUSIC                 00D000  00EB09  001B0A  00001
VECTORS               00FFFA  00FFFF  000006  00001


Exports list by name:
---------------------
_UnRLE                    00BB7C RLA    __STARTUP__               000001 REA    
_gVblank                  000300 RLA    _main                     00BAEC RLA    
_pMusicInit               008007 RLA    _pMusicPlay               00800B RLA    
aslax2                    00BBB3 RLA    bnega                     00BBD0 RLA    
callax                    00BBDA RLA    mulax9                    00BBE1 RLA    
ptr1                      00002C RLZ    regsave                   000028 RLZ    
shlax2                    00BBB3 RLA    shlax3                    00BBBE RLA    
shrax2                    00BBF8 RLA    shrax4                    00BC03 RLA    
sreg                      000026 RLZ    tmp1                      000034 RLZ    



Exports list by value:
----------------------
__STARTUP__               000001 REA    sreg                      000026 RLZ    
regsave                   000028 RLZ    ptr1                      00002C RLZ    
tmp1                      000034 RLZ    _gVblank                  000300 RLA    
_pMusicInit               008007 RLA    _pMusicPlay               00800B RLA    
_main                     00BAEC RLA    _UnRLE                    00BB7C RLA    
aslax2                    00BBB3 RLA    shlax2                    00BBB3 RLA    
shlax3                    00BBBE RLA    bnega                     00BBD0 RLA    
callax                    00BBDA RLA    mulax9                    00BBE1 RLA    
shrax2                    00BBF8 RLA    shrax4                    00BC03 RLA    



Imports list:
-------------
_UnRLE (asm4c.o):
    ChickenOfTheFarm.o        ChickenOfTheFarm.asm(70)
__STARTUP__ (main.o):
    ChickenOfTheFarm.o        ChickenOfTheFarm.asm(13)
_gVblank (main.o):
    ChickenOfTheFarm.o        ChickenOfTheFarm.asm(67)
_main (ChickenOfTheFarm.o):
    main.o                    main.asm(2)
_pMusicInit (main.o):
    ChickenOfTheFarm.o        ChickenOfTheFarm.asm(68)
_pMusicPlay (main.o):
    ChickenOfTheFarm.o        ChickenOfTheFarm.asm(69)
aslax2 (aslax2.o):
    ChickenOfTheFarm.o        ChickenOfTheFarm.asm(23696)
bnega (bneg.o):
    ChickenOfTheFarm.o        ChickenOfTheFarm.asm(23696)
callax (call.o):
    ChickenOfTheFarm.o        ChickenOfTheFarm.asm(23696)
    ChickenOfTheFarm.o        ChickenOfTheFarm.asm(23696)
mulax9 (mulax9.o):
    ChickenOfTheFarm.o        ChickenOfTheFarm.asm(23696)
    ChickenOfTheFarm.o        ChickenOfTheFarm.asm(23696)
    ChickenOfTheFarm.o        ChickenOfTheFarm.asm(23696)
    ChickenOfTheFarm.o        ChickenOfTheFarm.asm(23696)
    ChickenOfTheFarm.o        ChickenOfTheFarm.asm(23696)
ptr1 (zeropage.o):
    mulax9.o                  runtime/mulax9.s(9)
    call.o                    runtime/call.s(8)
    ChickenOfTheFarm.o        ChickenOfTheFarm.asm(11)
regsave (zeropage.o):
    ChickenOfTheFarm.o        ChickenOfTheFarm.asm(10)
shlax2 (aslax2.o):
    ChickenOfTheFarm.o        ChickenOfTheFarm.asm(23696)
    ChickenOfTheFarm.o        ChickenOfTheFarm.asm(23696)
shlax3 (aslax3.o):
    ChickenOfTheFarm.o        ChickenOfTheFarm.asm(23696)
shrax2 (shrax2.o):
    ChickenOfTheFarm.o        ChickenOfTheFarm.asm(23696)
shrax4 (shrax4.o):
    ChickenOfTheFarm.o        ChickenOfTheFarm.asm(23696)
sreg (zeropage.o):
    ChickenOfTheFarm.o        ChickenOfTheFarm.asm(10)
tmp1 (zeropage.o):
    shrax4.o                  runtime/shrax4.s(8)
    shrax2.o                  runtime/shrax2.s(8)
    aslax3.o                  runtime/aslax3.s(8)
    aslax2.o                  runtime/aslax2.s(8)
    ChickenOfTheFarm.o        ChickenOfTheFarm.asm(11)

