Modules list:
-------------
main.o:
    CODE              Offs=000000  Size=00000C  Align=00001  Fill=0000
    BSS               Offs=000000  Size=000001  Align=00001  Fill=0000
    HEADER            Offs=000000  Size=000010  Align=00001  Fill=0000
    VECTORS           Offs=000000  Size=000006  Align=00001  Fill=0000
    STARTUP           Offs=000000  Size=00002C  Align=00001  Fill=0000
    MUSIC             Offs=000000  Size=001CB2  Align=00001  Fill=0000
ChickenOfTheFarm.o:
    CODE              Offs=00000C  Size=0035F4  Align=00001  Fill=0000
    RODATA            Offs=000000  Size=001412  Align=00001  Fill=0000
    BSS               Offs=000001  Size=0002FA  Align=00001  Fill=0000
    CHARS             Offs=000000  Size=001EF0  Align=00001  Fill=0000
    OAM               Offs=000000  Size=000100  Align=00001  Fill=0000
asm4c.o:
    CODE              Offs=003600  Size=00010F  Align=00001  Fill=0000
    ZEROPAGE          Offs=000000  Size=000009  Align=00001  Fill=0000
C:\Users\pgrimsrud\NES\cc65\lib\nes.lib(aslax2.o):
    CODE              Offs=00370F  Size=00000B  Align=00001  Fill=0000
C:\Users\pgrimsrud\NES\cc65\lib\nes.lib(bneg.o):
    CODE              Offs=00371A  Size=00000E  Align=00001  Fill=0000
C:\Users\pgrimsrud\NES\cc65\lib\nes.lib(call.o):
    CODE              Offs=003728  Size=000007  Align=00001  Fill=0000
C:\Users\pgrimsrud\NES\cc65\lib\nes.lib(mulax10.o):
    CODE              Offs=00372F  Size=000019  Align=00001  Fill=0000
C:\Users\pgrimsrud\NES\cc65\lib\nes.lib(mulax3.o):
    CODE              Offs=003748  Size=000011  Align=00001  Fill=0000
C:\Users\pgrimsrud\NES\cc65\lib\nes.lib(mulax9.o):
    CODE              Offs=003759  Size=000017  Align=00001  Fill=0000
C:\Users\pgrimsrud\NES\cc65\lib\nes.lib(shrax2.o):
    CODE              Offs=003770  Size=00000B  Align=00001  Fill=0000
C:\Users\pgrimsrud\NES\cc65\lib\nes.lib(shrax4.o):
    CODE              Offs=00377B  Size=000011  Align=00001  Fill=0000
C:\Users\pgrimsrud\NES\cc65\lib\nes.lib(zeropage.o):
    ZEROPAGE          Offs=000009  Size=00001A  Align=00001  Fill=0000


Segment list:
-------------
Name                   Start     End    Size  Align
----------------------------------------------------
CHARS                 000000  001EEF  001EF0  00001
HEADER                000000  00000F  000010  00001
ZEROPAGE              000020  000042  000023  00001
OAM                   000200  0002FF  000100  00001
BSS                   000300  0005FA  0002FB  00001
STARTUP               008000  00802B  00002C  00001
CODE                  00802C  00B7B7  00378C  00001
RODATA                00B7B8  00CBC9  001412  00001
MUSIC                 00E000  00FCB1  001CB2  00001
VECTORS               00FFFA  00FFFF  000006  00001


Exports list by name:
---------------------
_TileList                 00BED3 RLA    _Title_UnRLE              00B62C RLA    
_UnRLE                    00B664 RLA    __STARTUP__               000001 REA    
_collision                000301 RLA    _gVblank                  000300 RLA    
_main                     00B58C RLA    _pMusicInit               00802C RLA    
_pMusicPlay               008030 RLA    aslax2                    00B73B RLA    
bnega                     00B74A RLA    callax                    00B754 RLA    
mulax10                   00B75B RLA    mulax3                    00B774 RLA    
mulax9                    00B785 RLA    ptr1                      000031 RLZ    
regsave                   00002D RLZ    shrax2                    00B79C RLA    
shrax4                    00B7A7 RLA    tmp1                      000039 RLZ    



Exports list by value:
----------------------
__STARTUP__               000001 REA    regsave                   00002D RLZ    
ptr1                      000031 RLZ    tmp1                      000039 RLZ    
_gVblank                  000300 RLA    _collision                000301 RLA    
_pMusicInit               00802C RLA    _pMusicPlay               008030 RLA    
_main                     00B58C RLA    _Title_UnRLE              00B62C RLA    
_UnRLE                    00B664 RLA    aslax2                    00B73B RLA    
bnega                     00B74A RLA    callax                    00B754 RLA    
mulax10                   00B75B RLA    mulax3                    00B774 RLA    
mulax9                    00B785 RLA    shrax2                    00B79C RLA    
shrax4                    00B7A7 RLA    _TileList                 00BED3 RLA    



Imports list:
-------------
_TileList (ChickenOfTheFarm.o):
    asm4c.o                   asm4c.s(1)
_Title_UnRLE (asm4c.o):
    ChickenOfTheFarm.o        ChickenOfTheFarm.asm(125)
_UnRLE (asm4c.o):
    ChickenOfTheFarm.o        ChickenOfTheFarm.asm(124)
__STARTUP__ (main.o):
    ChickenOfTheFarm.o        ChickenOfTheFarm.asm(13)
_collision (ChickenOfTheFarm.o):
    asm4c.o                   asm4c.s(2)
_gVblank (main.o):
    ChickenOfTheFarm.o        ChickenOfTheFarm.asm(121)
_main (ChickenOfTheFarm.o):
    main.o                    main.asm(2)
_pMusicInit (main.o):
    ChickenOfTheFarm.o        ChickenOfTheFarm.asm(122)
_pMusicPlay (main.o):
    ChickenOfTheFarm.o        ChickenOfTheFarm.asm(123)
aslax2 (aslax2.o):
    ChickenOfTheFarm.o        ChickenOfTheFarm.asm(24583)
    ChickenOfTheFarm.o        ChickenOfTheFarm.asm(24583)
bnega (bneg.o):
    ChickenOfTheFarm.o        ChickenOfTheFarm.asm(24583)
callax (call.o):
    ChickenOfTheFarm.o        ChickenOfTheFarm.asm(24583)
    ChickenOfTheFarm.o        ChickenOfTheFarm.asm(24583)
mulax10 (mulax10.o):
    ChickenOfTheFarm.o        ChickenOfTheFarm.asm(24583)
mulax3 (mulax3.o):
    ChickenOfTheFarm.o        ChickenOfTheFarm.asm(24583)
    ChickenOfTheFarm.o        ChickenOfTheFarm.asm(24583)
mulax9 (mulax9.o):
    ChickenOfTheFarm.o        ChickenOfTheFarm.asm(24583)
    ChickenOfTheFarm.o        ChickenOfTheFarm.asm(24583)
    ChickenOfTheFarm.o        ChickenOfTheFarm.asm(24583)
    ChickenOfTheFarm.o        ChickenOfTheFarm.asm(24583)
    ChickenOfTheFarm.o        ChickenOfTheFarm.asm(24583)
ptr1 (zeropage.o):
    mulax9.o                  runtime/mulax9.s(9)
    mulax3.o                  runtime/mulax3.s(8)
    mulax10.o                 runtime/mulax10.s(9)
    call.o                    runtime/call.s(8)
    ChickenOfTheFarm.o        ChickenOfTheFarm.asm(11)
regsave (zeropage.o):
    ChickenOfTheFarm.o        ChickenOfTheFarm.asm(10)
shrax2 (shrax2.o):
    ChickenOfTheFarm.o        ChickenOfTheFarm.asm(24583)
shrax4 (shrax4.o):
    ChickenOfTheFarm.o        ChickenOfTheFarm.asm(24583)
tmp1 (zeropage.o):
    shrax4.o                  runtime/shrax4.s(8)
    shrax2.o                  runtime/shrax2.s(8)
    aslax2.o                  runtime/aslax2.s(8)
    ChickenOfTheFarm.o        ChickenOfTheFarm.asm(11)

